src/components/settings/EmailSettings.tsx(270,63): error TS2339: Property 'password' does not exist on type 'Partial<EmailAccount>'.
src/components/settings/EmailSettings.tsx(271,97): error TS2353: Object literal may only specify known properties, and 'password' does not exist in type 'Partial<EmailAccount> | ((prevState: Partial<EmailAccount> | null) => Partial<EmailAccount> | null)'.
src/components/settings/EmailSettings.tsx(315,99): error TS2304: Cannot find name 'Save'.
src/components/ui/Modal.tsx(36,28): error TS2774: This condition will always return true since this function is always defined. Did you mean to call it instead?
src/components/widgets/CustomerGrowthWidget.tsx(60,33): error TS2322: Type '(value: number) => [number, "New Customers"]' is not assignable to type 'Formatter<number, "New Customers">'.
  Types of parameters 'value' and 'value' are incompatible.
    Type 'number | undefined' is not assignable to type 'number'.
      Type 'undefined' is not assignable to type 'number'.
src/components/widgets/SalesChartWidget.tsx(119,33): error TS2322: Type '(value: number, name: string) => [string, "Current Period" | "Comparison"]' is not assignable to type 'Formatter<number, string>'.
  Types of parameters 'value' and 'value' are incompatible.
    Type 'number | undefined' is not assignable to type 'number'.
      Type 'undefined' is not assignable to type 'number'.
