src/routes/email.ts(14,37): error TS2339: Property 'user' does not exist on type 'Request<ParamsDictionary, any, any, ParsedQs, Record<string, any>>'.
src/routes/email.ts(34,32): error TS2339: Property 'user' does not exist on type 'Request<ParamsDictionary, any, any, ParsedQs, Record<string, any>>'.
src/routes/email.ts(61,41): error TS2339: Property 'user' does not exist on type 'Request<ParamsDictionary, any, any, ParsedQs, Record<string, any>>'.
src/routes/email.ts(86,41): error TS2339: Property 'user' does not exist on type 'Request<ParamsDictionary, any, any, ParsedQs, Record<string, any>>'.
src/services/EmailService.ts(114,46): error TS2345: Argument of type 'any[] | undefined' is not assignable to parameter of type 'any[]'.
  Type 'undefined' is not assignable to type 'any[]'.
